// Jest Snapshot v1, https://goo.gl/fbAQLP

exports[`[COMPONENT] - Button Snapshot Button 1`] = `
<button
  onClick={[Function]}
/>
`;
